// Jest Snapshot v1, https://goo.gl/fbAQLP

exports[`Issue #33 given pre-initialized exception with schema should properly use the schema 1`] = `
{
  "500": {
    "content": {
      "application/json": {
        "examples": {
          "UserAlreadyRegisteredException": {
            "description": "email@address.com already registered",
            "value": {
              "statusCode": 500,
            },
          },
        },
        "schema": {
          "description": "User already registered",
          "externalDocs": {
            "description": "Refer this for more",
            "url": "https://someplace.com/doc1",
          },
          "properties": {
            "statusCode": {
              "example": 500,
              "type": "number",
            },
          },
          "required": [
            "statusCode",
          ],
          "type": "object",
        },
      },
    },
    "description": "",
    "isArray": undefined,
    "type": undefined,
  },
}
`;
